.\simulation_lab\primitive_policy.py:26: TracerWarning: torch.tensor results are registered as constants in the trace. You can safely ignore this warning if you use this function to create tensors out of constant variables that would be the same every time you call this function. In any other case, this might cause the trace to be incorrect.
  angles=phase*torch.tensor([1,2,4,8,16,32],device=phase.device)*2*torch.pi
{"device": "CPU", "name": "Intel(R) Core(TM) i7-10850H CPU @ 2.70GHz", "execution_devices": ["CPU"], "max_joint_error_rad": 2.3691887466981143e-05, "parity_passed": true, "median_ms": 0.13459997717291117, "p95_ms": 0.19314501259941608, "synchronous_chunks_per_second": 6914.816372734936, "output_endpoints_per_chunk": 20, "precision_hint": "<Type: 'float32'>", "warmup_calls": 20, "measured_calls": 300}
{"device": "GPU.0", "name": "Intel(R) UHD Graphics (iGPU)", "execution_devices": ["GPU.0"], "max_joint_error_rad": 4.8006929489474715e-06, "parity_passed": true, "median_ms": 0.7187500013969839, "p95_ms": 4.717790006543511, "synchronous_chunks_per_second": 957.23886365726, "output_endpoints_per_chunk": 20, "precision_hint": "<Type: 'float32'>", "warmup_calls": 20, "measured_calls": 300}
{"device": "GPU.1", "name": "Quadro T2000 with Max-Q Design (dGPU)", "execution_devices": ["GPU.1"], "max_joint_error_rad": 3.6846864546191682e-06, "parity_passed": true, "median_ms": 0.6337499944493175, "p95_ms": 1.020929971127771, "synchronous_chunks_per_second": 1430.0457376142972, "output_endpoints_per_chunk": 20, "precision_hint": "<Type: 'float32'>", "warmup_calls": 20, "measured_calls": 300}
{"device": "CPU", "name": "Intel(R) Core(TM) i7-10850H CPU @ 2.70GHz", "execution_devices": ["CPU"], "max_joint_error_rad": 3.3386010045433068e-06, "parity_passed": true, "median_ms": 0.15174999134615064, "p95_ms": 0.2523499977542088, "synchronous_chunks_per_second": 6005.597211679494, "output_endpoints_per_chunk": 20, "precision_hint": "<Type: 'float32'>", "warmup_calls": 20, "measured_calls": 300}
{"device": "GPU.0", "name": "Intel(R) UHD Graphics (iGPU)", "execution_devices": ["GPU.0"], "max_joint_error_rad": 3.815544005192351e-06, "parity_passed": true, "median_ms": 0.6741999532096088, "p95_ms": 4.625459964154289, "synchronous_chunks_per_second": 1009.0617104414995, "output_endpoints_per_chunk": 20, "precision_hint": "<Type: 'float32'>", "warmup_calls": 20, "measured_calls": 300}
{"device": "GPU.1", "name": "Quadro T2000 with Max-Q Design (dGPU)", "execution_devices": ["GPU.1"], "max_joint_error_rad": 6.438730508762092e-06, "parity_passed": true, "median_ms": 0.6539000023622066, "p95_ms": 1.1583199695451187, "synchronous_chunks_per_second": 1383.354191126358, "output_endpoints_per_chunk": 20, "precision_hint": "<Type: 'float32'>", "warmup_calls": 20, "measured_calls": 300}
{"device": "CPU", "name": "Intel(R) Core(TM) i7-10850H CPU @ 2.70GHz", "execution_devices": ["CPU"], "max_joint_error_rad": 3.736203098014812e-06, "parity_passed": true, "median_ms": 0.12444998719729483, "p95_ms": 0.22715498344041407, "synchronous_chunks_per_second": 7107.589953162239, "output_endpoints_per_chunk": 20, "precision_hint": "<Type: 'float32'>", "warmup_calls": 20, "measured_calls": 300}
{"device": "GPU.0", "name": "Intel(R) UHD Graphics (iGPU)", "execution_devices": ["GPU.0"], "max_joint_error_rad": 2.770723313005874e-06, "parity_passed": true, "median_ms": 0.6836999964434654, "p95_ms": 4.668765017413535, "synchronous_chunks_per_second": 1006.7056663674203, "output_endpoints_per_chunk": 20, "precision_hint": "<Type: 'float32'>", "warmup_calls": 20, "measured_calls": 300}
{"device": "GPU.1", "name": "Quadro T2000 with Max-Q Design (dGPU)", "execution_devices": ["GPU.1"], "max_joint_error_rad": 3.923013252915553e-06, "parity_passed": true, "median_ms": 0.9038500138558447, "p95_ms": 1.3635200157295915, "synchronous_chunks_per_second": 1035.0820354940715, "output_endpoints_per_chunk": 20, "precision_hint": "<Type: 'float32'>", "warmup_calls": 20, "measured_calls": 300}
{"device": "CPU", "name": "Intel(R) Core(TM) i7-10850H CPU @ 2.70GHz", "execution_devices": ["CPU"], "max_joint_error_rad": 3.7485463053599233e-06, "parity_passed": true, "median_ms": 0.14545000158250332, "p95_ms": 0.20061995892319828, "synchronous_chunks_per_second": 6502.979449276495, "output_endpoints_per_chunk": 20, "precision_hint": "<Type: 'float32'>", "warmup_calls": 20, "measured_calls": 300}
{"device": "GPU.0", "name": "Intel(R) UHD Graphics (iGPU)", "execution_devices": ["GPU.0"], "max_joint_error_rad": 3.0345374852913665e-06, "parity_passed": true, "median_ms": 0.6549499812535942, "p95_ms": 4.702774994075303, "synchronous_chunks_per_second": 961.3400310931778, "output_endpoints_per_chunk": 20, "precision_hint": "<Type: 'float32'>", "warmup_calls": 20, "measured_calls": 300}
{"device": "GPU.1", "name": "Quadro T2000 with Max-Q Design (dGPU)", "execution_devices": ["GPU.1"], "max_joint_error_rad": 4.46255512542848e-06, "parity_passed": true, "median_ms": 0.6380499980878085, "p95_ms": 1.1146549746626992, "synchronous_chunks_per_second": 1385.8464425630932, "output_endpoints_per_chunk": 20, "precision_hint": "<Type: 'float32'>", "warmup_calls": 20, "measured_calls": 300}
{"device": "CPU", "name": "Intel(R) Core(TM) i7-10850H CPU @ 2.70GHz", "execution_devices": ["CPU"], "max_joint_error_rad": 3.6595917976001147e-06, "parity_passed": true, "median_ms": 0.12879999121651053, "p95_ms": 0.21763996919617062, "synchronous_chunks_per_second": 6977.555535060165, "output_endpoints_per_chunk": 20, "precision_hint": "<Type: 'float32'>", "warmup_calls": 20, "measured_calls": 300}
{"device": "GPU.0", "name": "Intel(R) UHD Graphics (iGPU)", "execution_devices": ["GPU.0"], "max_joint_error_rad": 8.610804229647329e-06, "parity_passed": true, "median_ms": 0.7433499849867076, "p95_ms": 4.822329984745011, "synchronous_chunks_per_second": 914.3927243637563, "output_endpoints_per_chunk": 20, "precision_hint": "<Type: 'float32'>", "warmup_calls": 20, "measured_calls": 300}
{"device": "GPU.1", "name": "Quadro T2000 with Max-Q Design (dGPU)", "execution_devices": ["GPU.1"], "max_joint_error_rad": 4.305402114823664e-06, "parity_passed": true, "median_ms": 0.6144999933894724, "p95_ms": 0.8258050016593188, "synchronous_chunks_per_second": 1542.3950412726717, "output_endpoints_per_chunk": 20, "precision_hint": "<Type: 'float32'>", "warmup_calls": 20, "measured_calls": 300}
{"device": "CPU", "name": "Intel(R) Core(TM) i7-10850H CPU @ 2.70GHz", "execution_devices": ["CPU"], "max_joint_error_rad": 3.705599418424299e-06, "parity_passed": true, "median_ms": 0.14535000082105398, "p95_ms": 0.18042503215838224, "synchronous_chunks_per_second": 6624.739427116861, "output_endpoints_per_chunk": 20, "precision_hint": "<Type: 'float32'>", "warmup_calls": 20, "measured_calls": 300}
{"device": "GPU.0", "name": "Intel(R) UHD Graphics (iGPU)", "execution_devices": ["GPU.0"], "max_joint_error_rad": 3.0981241039285123e-06, "parity_passed": true, "median_ms": 0.6078500009607524, "p95_ms": 4.1969349986175075, "synchronous_chunks_per_second": 1124.6957696217669, "output_endpoints_per_chunk": 20, "precision_hint": "<Type: 'float32'>", "warmup_calls": 20, "measured_calls": 300}
{"device": "GPU.1", "name": "Quadro T2000 with Max-Q Design (dGPU)", "execution_devices": ["GPU.1"], "max_joint_error_rad": 3.7359731841490884e-06, "parity_passed": true, "median_ms": 0.6018499843776226, "p95_ms": 0.7298550248378888, "synchronous_chunks_per_second": 1614.9592600628978, "output_endpoints_per_chunk": 20, "precision_hint": "<Type: 'float32'>", "warmup_calls": 20, "measured_calls": 300}
{"status": "succeeded", "message": "Completed all requested neural dinner skills; both arms parked.", "wall_seconds": 266.68207879998954, "metrics": {"placement_error_mm": 4.493254759737068, "placement_z_error_mm": 0.034933356191202414, "placement_yaw_error_deg": 1.7334478940576339, "speed_mm_s": 1.141651951399105e-08, "max_lift_cm": 3.385880471729552, "hold_verified_s": 22.08999999997991, "longest_unsupported_gap_s": 0.0, "stable_release_and_park_s": 0.5049999999995407, "both_arms_parked": true, "other_object_displacements_m": {"plate": 1.7296385240314298e-07, "side_plate": 3.760881636708729e-07, "mug": 1.5007990102355142e-07, "glass": 1.6707877119917845e-07, "bottle": 1.2570651220140615e-07, "fork": 2.8658194128574516e-09}, "other_object_max_displacement_m": 5.563014618111423e-07, "parked_arm_max_motion_deg": 3.087682484764782e-11, "unexpected_collisions": 0}}
{"physical_passed": true, "strict_hardware_and_physics_passed": false}

CPU                            : Intel(R) Core(TM) i7-10850H CPU @ 2.70GHz
Renderer                       : Intel(R) UHD Graphics
InferenceDevice                : CPU
InferenceDevicesAreIntel       : True
PhysicalSequencePassed         : True
StrictHardwareAndPhysicsPassed : False
EvidenceFolder                 : .\.run\intel-render-la
                                 ptop-cpu

Physical execution and hardware eligibility are separate results. This script does not upload or submit anything.
Exception: .\verify-final-on-intel.ps1:43
Line |
  43 |  . it -ne 0) { throw "Verification returned $verificationExit. Inspect r .
     |                ~~~~~~~~~~~~~~~~~~~~~~~~~~~~~~~~~~~~~~~~~~~~~~~~~~~~~~~~~
     | Verification returned 1. Inspect retained evidence for physical and hardware results.
