training: prepared shard-000.npz
training: prepared shard-001.npz
training: prepared shard-002.npz
training: prepared shard-003.npz
training: prepared shard-004.npz
training: prepared shard-005.npz
training: prepared shard-006.npz
training: prepared shard-007.npz
training: prepared shard-008.npz
training: prepared shard-009.npz
training: prepared shard-010.npz
training: prepared shard-011.npz
training: prepared shard-012.npz
training: prepared shard-013.npz
training: prepared shard-014.npz
training: prepared shard-015.npz
training: prepared shard-016.npz
training: prepared shard-017.npz
training: prepared shard-018.npz
training: prepared shard-019.npz
training: prepared shard-020.npz
training: prepared shard-021.npz
training: prepared shard-022.npz
training: prepared shard-023.npz
training: prepared shard-024.npz
training: prepared shard-025.npz
training: prepared shard-026.npz
training: prepared shard-027.npz
training: prepared shard-028.npz
training: prepared shard-029.npz
training: prepared shard-030.npz
training: prepared shard-031.npz
training: prepared shard-032.npz
training: prepared shard-033.npz
training: prepared shard-034.npz
training: prepared shard-035.npz
training: prepared shard-036.npz
training: prepared shard-037.npz
training: prepared shard-038.npz
training: prepared shard-039.npz
training: prepared shard-040.npz
training: prepared shard-041.npz
training: prepared shard-042.npz
training: prepared shard-043.npz
training: prepared shard-044.npz
training: prepared shard-045.npz
training: prepared shard-046.npz
training: prepared shard-047.npz
training: prepared shard-048.npz
training: prepared shard-049.npz
training: prepared shard-050.npz
training: prepared shard-051.npz
training: prepared shard-052.npz
training: prepared shard-053.npz
training: prepared shard-054.npz
training: prepared shard-055.npz
training: prepared shard-056.npz
training: prepared shard-057.npz
training: prepared shard-058.npz
training: prepared shard-059.npz
training: prepared shard-060.npz
training: prepared shard-061.npz
training: prepared shard-062.npz
training: prepared shard-063.npz
development: prepared shard-000.npz
development: prepared shard-001.npz
development: prepared shard-002.npz
development: prepared shard-003.npz
development: prepared shard-004.npz
development: prepared shard-005.npz
development: prepared shard-006.npz
development: prepared shard-007.npz
{'step': 1, 'loss': 7.779082298278809, 'learning_rate': 0.001, 'wall_seconds': 0.22773140016943216, 'peak_reserved_gib': 1.048828125}
{'step': 250, 'loss': 1.7080013751983643, 'learning_rate': 0.0009976587543684154, 'wall_seconds': 2.8706490001641214, 'peak_reserved_gib': 1.083984375}
{'step': 500, 'loss': 1.63485848903656, 'learning_rate': 0.0009906199527607135, 'wall_seconds': 5.347092099953443, 'peak_reserved_gib': 1.083984375}
{'step': 750, 'loss': 1.708066701889038, 'learning_rate': 0.0009789513618290856, 'wall_seconds': 7.806644700001925, 'peak_reserved_gib': 1.083984375}
{'step': 1000, 'loss': 1.4744279384613037, 'learning_rate': 0.0009627653845593221, 'wall_seconds': 10.273719800170511, 'peak_reserved_gib': 1.083984375}
{'step': 1250, 'loss': 1.4813232421875, 'learning_rate': 0.000942217939706627, 'wall_seconds': 12.73556730011478, 'peak_reserved_gib': 1.083984375}
{'step': 1500, 'loss': 1.3691946268081665, 'learning_rate': 0.0009175069598376084, 'wall_seconds': 15.20507670007646, 'peak_reserved_gib': 1.083984375}
{'step': 1750, 'loss': 1.4461016654968262, 'learning_rate': 0.0008888704846552046, 'wall_seconds': 17.670509800314903, 'peak_reserved_gib': 1.083984375}
{'step': 2000, 'loss': 1.3475490808486938, 'learning_rate': 0.0008565843679734587, 'wall_seconds': 20.117157800123096, 'peak_reserved_gib': 1.083984375}
{'step': 2250, 'loss': 1.4926650524139404, 'learning_rate': 0.0008209596204307467, 'wall_seconds': 22.602994000073522, 'peak_reserved_gib': 1.083984375}
{'step': 2500, 'loss': 1.521409034729004, 'learning_rate': 0.0007823394135389737, 'wall_seconds': 25.0506028002128, 'peak_reserved_gib': 1.083984375}
{'step': 2750, 'loss': 1.3556692600250244, 'learning_rate': 0.0007410957739285956, 'wall_seconds': 27.509016700088978, 'peak_reserved_gib': 1.083984375}
{'step': 3000, 'loss': 1.488023042678833, 'learning_rate': 0.0006976259996336432, 'wall_seconds': 29.98254940006882, 'peak_reserved_gib': 1.083984375}
{'step': 3250, 'loss': 1.445644736289978, 'learning_rate': 0.0006523488329385105, 'wall_seconds': 32.518348700366914, 'peak_reserved_gib': 1.083984375}
{'step': 3500, 'loss': 1.3514665365219116, 'learning_rate': 0.0006057004266532892, 'wall_seconds': 34.993618400301784, 'peak_reserved_gib': 1.083984375}
{'step': 3750, 'loss': 1.4145931005477905, 'learning_rate': 0.000558130142674332, 'wall_seconds': 37.45099120028317, 'peak_reserved_gib': 1.083984375}
{'step': 4000, 'loss': 1.3637086153030396, 'learning_rate': 0.0005100962233023107, 'wall_seconds': 39.91045930003747, 'peak_reserved_gib': 1.083984375}
{'step': 4000, 'development': {'states': 512, 'present': 449, 'accepted_present': 429, 'absent': 63, 'false_accepted_absent': 0, 'accepted_fraction': 0.955456570155902, 'p95_error_mm': 1.4811701616484345, 'maximum_error_mm': 3.5648181903718954, 'gate_passed': True}}
{'step': 4250, 'loss': 1.3251123428344727, 'learning_rate': 0.00046206137701575915, 'wall_seconds': 43.718706500250846, 'peak_reserved_gib': 1.083984375}
{'step': 4500, 'loss': 1.3657116889953613, 'learning_rate': 0.0004144883212221348, 'wall_seconds': 46.15617380011827, 'peak_reserved_gib': 1.083984375}
{'step': 4750, 'loss': 1.356619119644165, 'learning_rate': 0.00036783532492286997, 'wall_seconds': 48.669243100099266, 'peak_reserved_gib': 1.083984375}
{'step': 5000, 'loss': 1.4235836267471313, 'learning_rate': 0.0003225517942297056, 'wall_seconds': 51.16224669991061, 'peak_reserved_gib': 1.083984375}
{'step': 5250, 'loss': 1.3179991245269775, 'learning_rate': 0.0002790739432568264, 'wall_seconds': 53.65039370022714, 'peak_reserved_gib': 1.083984375}
{'step': 5500, 'loss': 1.3965461254119873, 'learning_rate': 0.00023782059209088318, 'wall_seconds': 56.107161900028586, 'peak_reserved_gib': 1.083984375}
{'step': 5750, 'loss': 1.3493198156356812, 'learning_rate': 0.00019918913231686364, 'wall_seconds': 58.59703310020268, 'peak_reserved_gib': 1.083984375}
{'step': 6000, 'loss': 1.4242362976074219, 'learning_rate': 0.0001635516989637069, 'wall_seconds': 61.05620800005272, 'peak_reserved_gib': 1.083984375}
{'step': 6250, 'loss': 1.3521289825439453, 'learning_rate': 0.00013125158574513228, 'wall_seconds': 63.50481340009719, 'peak_reserved_gib': 1.083984375}
{'step': 6500, 'loss': 1.2866038084030151, 'learning_rate': 0.0001025999381274936, 'wall_seconds': 65.97841930016875, 'peak_reserved_gib': 1.083984375}
{'step': 6750, 'loss': 1.3392682075500488, 'learning_rate': 7.787275608018699e-05, 'wall_seconds': 68.43336480017751, 'peak_reserved_gib': 1.083984375}
{'step': 7000, 'loss': 1.3545286655426025, 'learning_rate': 5.730823538096952e-05, 'wall_seconds': 70.89835890009999, 'peak_reserved_gib': 1.083984375}
{'step': 7250, 'loss': 1.3316653966903687, 'learning_rate': 4.110447308727287e-05, 'wall_seconds': 73.38855030015111, 'peak_reserved_gib': 1.083984375}
{'step': 7500, 'loss': 1.4405912160873413, 'learning_rate': 2.9417559276597676e-05, 'wall_seconds': 75.84914210019633, 'peak_reserved_gib': 1.083984375}
{'step': 7750, 'loss': 1.3264466524124146, 'learning_rate': 2.2360073438163224e-05, 'wall_seconds': 78.33761310018599, 'peak_reserved_gib': 1.083984375}
{'step': 8000, 'loss': 1.2967538833618164, 'learning_rate': 2e-05, 'wall_seconds': 80.80439440021291, 'peak_reserved_gib': 1.083984375}
{'step': 8000, 'development': {'states': 512, 'present': 449, 'accepted_present': 433, 'absent': 63, 'false_accepted_absent': 0, 'accepted_fraction': 0.9643652561247216, 'p95_error_mm': 1.3219043939818758, 'maximum_error_mm': 3.9703423408945606, 'gate_passed': True}}
{'development_gate_passed': True, 'wall_seconds': 82.17716640001163}
