{'completed': 1, 'total': 36, 'seed': 2026100301, 'preset': 'upright', 'variant': 'live', 'status': 'failed', 'mug_status': None, 'wall_seconds': 0.7547402000054717}
{'completed': 2, 'total': 36, 'seed': 2026100301, 'preset': 'upright', 'variant': 'frozen', 'status': 'failed', 'mug_status': None, 'wall_seconds': 0.6952313999645412}
{'completed': 3, 'total': 36, 'seed': 2026100301, 'preset': 'upright', 'variant': 'baseline', 'status': 'succeeded', 'mug_status': 'succeeded', 'wall_seconds': 49.394873099867254}
{'completed': 4, 'total': 36, 'seed': 2026100301, 'preset': 'wide_left', 'variant': 'live', 'status': 'failed', 'mug_status': None, 'wall_seconds': 0.7072894996963441}
{'completed': 5, 'total': 36, 'seed': 2026100301, 'preset': 'wide_left', 'variant': 'frozen', 'status': 'failed', 'mug_status': None, 'wall_seconds': 0.7027771999128163}
{'completed': 6, 'total': 36, 'seed': 2026100301, 'preset': 'wide_left', 'variant': 'baseline', 'status': 'succeeded', 'mug_status': 'succeeded', 'wall_seconds': 56.402668399736285}
{'completed': 7, 'total': 36, 'seed': 2026100302, 'preset': 'upright', 'variant': 'live', 'status': 'failed', 'mug_status': None, 'wall_seconds': 0.6983119999058545}
{'completed': 8, 'total': 36, 'seed': 2026100302, 'preset': 'upright', 'variant': 'frozen', 'status': 'failed', 'mug_status': None, 'wall_seconds': 0.6947322003543377}
{'completed': 9, 'total': 36, 'seed': 2026100302, 'preset': 'upright', 'variant': 'baseline', 'status': 'succeeded', 'mug_status': 'succeeded', 'wall_seconds': 49.132800800260156}
{'completed': 10, 'total': 36, 'seed': 2026100302, 'preset': 'wide_left', 'variant': 'live', 'status': 'failed', 'mug_status': None, 'wall_seconds': 0.7062055002897978}
{'completed': 11, 'total': 36, 'seed': 2026100302, 'preset': 'wide_left', 'variant': 'frozen', 'status': 'failed', 'mug_status': None, 'wall_seconds': 0.7132406998425722}
{'completed': 12, 'total': 36, 'seed': 2026100302, 'preset': 'wide_left', 'variant': 'baseline', 'status': 'succeeded', 'mug_status': 'succeeded', 'wall_seconds': 56.46899789990857}
{'completed': 13, 'total': 36, 'seed': 2026100303, 'preset': 'upright', 'variant': 'live', 'status': 'failed', 'mug_status': None, 'wall_seconds': 0.7296004998497665}
{'completed': 14, 'total': 36, 'seed': 2026100303, 'preset': 'upright', 'variant': 'frozen', 'status': 'failed', 'mug_status': None, 'wall_seconds': 0.6937731001526117}
{'completed': 15, 'total': 36, 'seed': 2026100303, 'preset': 'upright', 'variant': 'baseline', 'status': 'succeeded', 'mug_status': 'succeeded', 'wall_seconds': 48.77204190008342}
{'completed': 16, 'total': 36, 'seed': 2026100303, 'preset': 'wide_left', 'variant': 'live', 'status': 'failed', 'mug_status': None, 'wall_seconds': 0.7013666001148522}
{'completed': 17, 'total': 36, 'seed': 2026100303, 'preset': 'wide_left', 'variant': 'frozen', 'status': 'failed', 'mug_status': None, 'wall_seconds': 0.7239165999926627}
{'completed': 18, 'total': 36, 'seed': 2026100303, 'preset': 'wide_left', 'variant': 'baseline', 'status': 'succeeded', 'mug_status': 'succeeded', 'wall_seconds': 56.52987159974873}
{'completed': 19, 'total': 36, 'seed': 2026100304, 'preset': 'upright', 'variant': 'live', 'status': 'failed', 'mug_status': None, 'wall_seconds': 0.6988119003362954}
{'completed': 20, 'total': 36, 'seed': 2026100304, 'preset': 'upright', 'variant': 'frozen', 'status': 'failed', 'mug_status': None, 'wall_seconds': 0.6966766999103129}
{'completed': 21, 'total': 36, 'seed': 2026100304, 'preset': 'upright', 'variant': 'baseline', 'status': 'succeeded', 'mug_status': 'succeeded', 'wall_seconds': 49.28272360004485}
{'completed': 22, 'total': 36, 'seed': 2026100304, 'preset': 'wide_left', 'variant': 'live', 'status': 'failed', 'mug_status': None, 'wall_seconds': 0.7085483996197581}
{'completed': 23, 'total': 36, 'seed': 2026100304, 'preset': 'wide_left', 'variant': 'frozen', 'status': 'failed', 'mug_status': None, 'wall_seconds': 0.7205270999111235}
{'completed': 24, 'total': 36, 'seed': 2026100304, 'preset': 'wide_left', 'variant': 'baseline', 'status': 'succeeded', 'mug_status': 'succeeded', 'wall_seconds': 57.369113999884576}
{'completed': 25, 'total': 36, 'seed': 2026100305, 'preset': 'upright', 'variant': 'live', 'status': 'failed', 'mug_status': None, 'wall_seconds': 0.7057372997514904}
{'completed': 26, 'total': 36, 'seed': 2026100305, 'preset': 'upright', 'variant': 'frozen', 'status': 'failed', 'mug_status': None, 'wall_seconds': 0.6976544996723533}
{'completed': 27, 'total': 36, 'seed': 2026100305, 'preset': 'upright', 'variant': 'baseline', 'status': 'succeeded', 'mug_status': 'succeeded', 'wall_seconds': 48.99771169992164}
{'completed': 28, 'total': 36, 'seed': 2026100305, 'preset': 'wide_left', 'variant': 'live', 'status': 'failed', 'mug_status': None, 'wall_seconds': 0.7207553000189364}
{'completed': 29, 'total': 36, 'seed': 2026100305, 'preset': 'wide_left', 'variant': 'frozen', 'status': 'failed', 'mug_status': None, 'wall_seconds': 0.722282299771905}
{'completed': 30, 'total': 36, 'seed': 2026100305, 'preset': 'wide_left', 'variant': 'baseline', 'status': 'succeeded', 'mug_status': 'succeeded', 'wall_seconds': 56.750439800322056}
{'completed': 31, 'total': 36, 'seed': 2026100306, 'preset': 'upright', 'variant': 'live', 'status': 'failed', 'mug_status': None, 'wall_seconds': 0.6954214000143111}
{'completed': 32, 'total': 36, 'seed': 2026100306, 'preset': 'upright', 'variant': 'frozen', 'status': 'failed', 'mug_status': None, 'wall_seconds': 0.6947316001169384}
{'completed': 33, 'total': 36, 'seed': 2026100306, 'preset': 'upright', 'variant': 'baseline', 'status': 'succeeded', 'mug_status': 'succeeded', 'wall_seconds': 49.48730760021135}
{'completed': 34, 'total': 36, 'seed': 2026100306, 'preset': 'wide_left', 'variant': 'live', 'status': 'failed', 'mug_status': None, 'wall_seconds': 0.7183226002380252}
{'completed': 35, 'total': 36, 'seed': 2026100306, 'preset': 'wide_left', 'variant': 'frozen', 'status': 'failed', 'mug_status': None, 'wall_seconds': 0.8000299003906548}
{'completed': 36, 'total': 36, 'seed': 2026100306, 'preset': 'wide_left', 'variant': 'baseline', 'status': 'succeeded', 'mug_status': 'succeeded', 'wall_seconds': 60.39319629967213}
